[debug] [2026-05-05T20:13:29.342Z] ----------------------------------------------------------------------
[debug] [2026-05-05T20:13:29.347Z] Command:       C:\Program Files\nodejs\node.exe C:\Users\ryanb\AppData\Roaming\npm\node_modules\firebase-tools\lib\bin\firebase.js deploy --only hosting
[debug] [2026-05-05T20:13:29.348Z] CLI Version:   15.16.0
[debug] [2026-05-05T20:13:29.348Z] Platform:      win32
[debug] [2026-05-05T20:13:29.348Z] Node Version:  v24.14.0
[debug] [2026-05-05T20:13:29.348Z] Time:          Tue May 05 2026 14:13:29 GMT-0600 (Mountain Daylight Time)
[debug] [2026-05-05T20:13:29.348Z] ----------------------------------------------------------------------
[debug] 
[debug] [2026-05-05T20:13:31.066Z] > command requires scopes: ["email","openid","https://www.googleapis.com/auth/cloudplatformprojects.readonly","https://www.googleapis.com/auth/firebase","https://www.googleapis.com/auth/cloud-platform"]
[debug] [2026-05-05T20:13:31.066Z] > authorizing via signed-in user (webmaster@hems-workshop.org)
[debug] [2026-05-05T20:13:31.066Z] [iam] checking project hems-workshop for permissions ["firebase.projects.get","firebasehosting.sites.update"]
[debug] [2026-05-05T20:13:31.068Z] Checked if tokens are valid: false, expires at: 1777961514701
[debug] [2026-05-05T20:13:31.068Z] Checked if tokens are valid: false, expires at: 1777961514701
[debug] [2026-05-05T20:13:31.068Z] > refreshing access token with scopes: []
[debug] [2026-05-05T20:13:31.069Z] >>> [apiv2][query] POST https://www.googleapis.com/oauth2/v3/token [none]
[debug] [2026-05-05T20:13:31.069Z] >>> [apiv2][body] POST https://www.googleapis.com/oauth2/v3/token [omitted]
[debug] [2026-05-05T20:13:31.195Z] <<< [apiv2][status] POST https://www.googleapis.com/oauth2/v3/token 400
[debug] [2026-05-05T20:13:31.195Z] <<< [apiv2][body] POST https://www.googleapis.com/oauth2/v3/token [omitted]
[error] Authentication Error: Your credentials are no longer valid. Please run firebase login --reauth

For CI servers and headless environments, generate a new token with firebase login:ci
[error] Authentication Error: Your credentials are no longer valid. Please run firebase login --reauth

For CI servers and headless environments, generate a new token with firebase login:ci
[debug] [2026-05-05T20:13:31.197Z] [iam] error while checking permissions, command may fail: Authentication Error: Your credentials are no longer valid. Please run firebase login --reauth

For CI servers and headless environments, generate a new token with firebase login:ci
[debug] [2026-05-05T20:13:31.197Z] Checked if tokens are valid: false, expires at: 1777961514701
[debug] [2026-05-05T20:13:31.197Z] Checked if tokens are valid: false, expires at: 1777961514701
[debug] [2026-05-05T20:13:31.197Z] > refreshing access token with scopes: []
[debug] [2026-05-05T20:13:31.198Z] >>> [apiv2][query] POST https://www.googleapis.com/oauth2/v3/token [none]
[debug] [2026-05-05T20:13:31.198Z] >>> [apiv2][body] POST https://www.googleapis.com/oauth2/v3/token [omitted]
[debug] [2026-05-05T20:13:31.242Z] <<< [apiv2][status] POST https://www.googleapis.com/oauth2/v3/token 400
[debug] [2026-05-05T20:13:31.242Z] <<< [apiv2][body] POST https://www.googleapis.com/oauth2/v3/token [omitted]
[error] Authentication Error: Your credentials are no longer valid. Please run firebase login --reauth

For CI servers and headless environments, generate a new token with firebase login:ci
[error] Authentication Error: Your credentials are no longer valid. Please run firebase login --reauth

For CI servers and headless environments, generate a new token with firebase login:ci
[debug] [2026-05-05T20:13:31.242Z] Authentication Error: Your credentials are no longer valid. Please run firebase login --reauth

For CI servers and headless environments, generate a new token with firebase login:ci
[error] 
[error] Error: Assertion failed: resolving hosting target of a site with no site name or target name. This should have caused an error earlier
