[debug] [2026-05-12T19:01:07.535Z] ----------------------------------------------------------------------
[debug] [2026-05-12T19:01:07.538Z] Command:       C:\Program Files\nodejs\node.exe C:\Users\ryanb\AppData\Roaming\npm\node_modules\firebase-tools\lib\bin\firebase.js deploy --project hems-workshop --only hosting --non-interactive
[debug] [2026-05-12T19:01:07.538Z] CLI Version:   15.16.0
[debug] [2026-05-12T19:01:07.538Z] Platform:      win32
[debug] [2026-05-12T19:01:07.538Z] Node Version:  v24.14.0
[debug] [2026-05-12T19:01:07.538Z] Time:          Tue May 12 2026 13:01:07 GMT-0600 (Mountain Daylight Time)
[debug] [2026-05-12T19:01:07.539Z] ----------------------------------------------------------------------
[debug] 
[debug] [2026-05-12T19:01:07.541Z] >>> [apiv2][query] GET https://firebase-public.firebaseio.com/cli.json [none]
[debug] [2026-05-12T19:01:10.096Z] > command requires scopes: ["email","openid","https://www.googleapis.com/auth/cloudplatformprojects.readonly","https://www.googleapis.com/auth/firebase","https://www.googleapis.com/auth/cloud-platform"]
[debug] [2026-05-12T19:01:10.096Z] > authorizing via signed-in user (webmaster@hems-workshop.org)
[debug] [2026-05-12T19:01:10.096Z] [iam] checking project hems-workshop for permissions ["firebase.projects.get","firebasehosting.sites.update"]
[debug] [2026-05-12T19:01:10.097Z] Checked if tokens are valid: false, expires at: 1777961514701
[debug] [2026-05-12T19:01:10.097Z] Checked if tokens are valid: false, expires at: 1777961514701
[debug] [2026-05-12T19:01:10.097Z] > refreshing access token with scopes: []
[debug] [2026-05-12T19:01:10.099Z] >>> [apiv2][query] POST https://www.googleapis.com/oauth2/v3/token [none]
[debug] [2026-05-12T19:01:10.099Z] >>> [apiv2][body] POST https://www.googleapis.com/oauth2/v3/token [omitted]
[debug] [2026-05-12T19:01:10.175Z] <<< [apiv2][status] GET https://firebase-public.firebaseio.com/cli.json 200
[debug] [2026-05-12T19:01:10.175Z] <<< [apiv2][body] GET https://firebase-public.firebaseio.com/cli.json {"cloudBuildErrorAfter":1594252800000,"cloudBuildWarnAfter":1590019200000,"defaultNode10After":1594252800000,"minVersion":"3.0.5","node8DeploysDisabledAfter":1613390400000,"node8RuntimeDisabledAfter":1615809600000,"node8WarnAfter":1600128000000}
[debug] [2026-05-12T19:01:10.203Z] <<< [apiv2][status] POST https://www.googleapis.com/oauth2/v3/token 400
[debug] [2026-05-12T19:01:10.203Z] <<< [apiv2][body] POST https://www.googleapis.com/oauth2/v3/token [omitted]
[error] Authentication Error: Your credentials are no longer valid. Please run firebase login --reauth

For CI servers and headless environments, generate a new token with firebase login:ci
[error] Authentication Error: Your credentials are no longer valid. Please run firebase login --reauth

For CI servers and headless environments, generate a new token with firebase login:ci
[debug] [2026-05-12T19:01:10.204Z] [iam] error while checking permissions, command may fail: Authentication Error: Your credentials are no longer valid. Please run firebase login --reauth

For CI servers and headless environments, generate a new token with firebase login:ci
[debug] [2026-05-12T19:01:10.205Z] Checked if tokens are valid: false, expires at: 1777961514701
[debug] [2026-05-12T19:01:10.205Z] Checked if tokens are valid: false, expires at: 1777961514701
[debug] [2026-05-12T19:01:10.205Z] > refreshing access token with scopes: []
[debug] [2026-05-12T19:01:10.205Z] >>> [apiv2][query] POST https://www.googleapis.com/oauth2/v3/token [none]
[debug] [2026-05-12T19:01:10.205Z] >>> [apiv2][body] POST https://www.googleapis.com/oauth2/v3/token [omitted]
[debug] [2026-05-12T19:01:10.271Z] <<< [apiv2][status] POST https://www.googleapis.com/oauth2/v3/token 400
[debug] [2026-05-12T19:01:10.271Z] <<< [apiv2][body] POST https://www.googleapis.com/oauth2/v3/token [omitted]
[error] Authentication Error: Your credentials are no longer valid. Please run firebase login --reauth

For CI servers and headless environments, generate a new token with firebase login:ci
[error] Authentication Error: Your credentials are no longer valid. Please run firebase login --reauth

For CI servers and headless environments, generate a new token with firebase login:ci
[debug] [2026-05-12T19:01:10.272Z] Authentication Error: Your credentials are no longer valid. Please run firebase login --reauth

For CI servers and headless environments, generate a new token with firebase login:ci
[error] 
[error] Error: Assertion failed: resolving hosting target of a site with no site name or target name. This should have caused an error earlier
